mode: set
product-catalogue/functions/auth_func.go:16.28,22.49 2 1
product-catalogue/functions/auth_func.go:22.49,25.3 2 1
product-catalogue/functions/auth_func.go:27.2,29.59 2 1
product-catalogue/functions/auth_func.go:29.59,32.3 2 1
product-catalogue/functions/auth_func.go:34.2,34.72 1 1
product-catalogue/functions/auth_func.go:34.72,37.3 2 1
product-catalogue/functions/auth_func.go:39.2,39.74 1 1
product-catalogue/functions/auth_func.go:39.74,42.3 2 1
product-catalogue/functions/auth_func.go:44.2,48.26 5 1
product-catalogue/functions/auth_func.go:48.26,52.3 2 0
product-catalogue/functions/auth_func.go:53.2,53.16 1 1
product-catalogue/functions/auth_func.go:53.16,56.3 2 0
product-catalogue/functions/auth_func.go:57.2,57.53 1 1
product-catalogue/functions/auth_func.go:57.53,60.3 2 0
product-catalogue/functions/auth_func.go:62.2,63.20 2 1
product-catalogue/functions/auth_func.go:63.20,66.3 2 0
product-catalogue/functions/auth_func.go:68.2,73.50 2 1
product-catalogue/functions/auth_func.go:73.50,75.3 1 1
product-catalogue/functions/auth_func.go:77.2,79.16 3 1
product-catalogue/functions/auth_func.go:79.16,82.3 2 0
product-catalogue/functions/auth_func.go:84.2,84.98 1 1
product-catalogue/functions/category_func.go:15.37,17.28 2 1
product-catalogue/functions/category_func.go:17.28,21.3 3 1
product-catalogue/functions/category_func.go:23.2,24.46 2 1
product-catalogue/functions/category_func.go:24.46,28.3 3 1
product-catalogue/functions/category_func.go:30.2,33.100 3 1
product-catalogue/functions/category_func.go:33.100,37.3 3 1
product-catalogue/functions/category_func.go:39.2,44.16 5 1
product-catalogue/functions/category_func.go:44.16,49.3 3 0
product-catalogue/functions/category_func.go:51.2,52.85 2 1
product-catalogue/functions/category_func.go:56.34,60.56 4 1
product-catalogue/functions/category_func.go:60.56,64.3 3 0
product-catalogue/functions/category_func.go:65.2,66.16 2 1
product-catalogue/functions/category_func.go:66.16,70.3 3 0
product-catalogue/functions/category_func.go:71.2,73.18 3 1
product-catalogue/functions/category_func.go:73.18,77.79 3 1
product-catalogue/functions/category_func.go:77.79,81.4 3 0
product-catalogue/functions/category_func.go:82.3,82.20 1 1
product-catalogue/functions/category_func.go:82.20,84.4 1 1
product-catalogue/functions/category_func.go:84.9,86.4 1 0
product-catalogue/functions/category_func.go:87.3,87.38 1 1
product-catalogue/functions/category_func.go:91.2,91.56 1 1
product-catalogue/functions/category_func.go:95.38,98.27 3 1
product-catalogue/functions/category_func.go:98.27,102.3 3 1
product-catalogue/functions/category_func.go:103.2,105.56 2 1
product-catalogue/functions/category_func.go:105.56,109.3 3 0
product-catalogue/functions/category_func.go:111.2,119.77 6 1
product-catalogue/functions/category_func.go:119.77,120.27 1 1
product-catalogue/functions/category_func.go:120.27,124.4 3 1
product-catalogue/functions/category_func.go:125.3,127.9 3 0
product-catalogue/functions/category_func.go:130.2,130.19 1 1
product-catalogue/functions/category_func.go:130.19,132.3 1 1
product-catalogue/functions/category_func.go:132.8,134.3 1 0
product-catalogue/functions/category_func.go:136.2,136.46 1 1
product-catalogue/functions/category_func.go:140.37,143.27 3 1
product-catalogue/functions/category_func.go:143.27,147.3 3 1
product-catalogue/functions/category_func.go:148.2,149.28 2 1
product-catalogue/functions/category_func.go:149.28,153.3 3 1
product-catalogue/functions/category_func.go:155.2,159.16 4 1
product-catalogue/functions/category_func.go:159.16,163.3 3 0
product-catalogue/functions/category_func.go:164.2,165.23 2 1
product-catalogue/functions/category_func.go:165.23,169.3 3 1
product-catalogue/functions/category_func.go:171.2,171.61 1 1
product-catalogue/functions/category_func.go:175.37,178.27 3 1
product-catalogue/functions/category_func.go:178.27,182.3 3 1
product-catalogue/functions/category_func.go:183.2,184.28 2 1
product-catalogue/functions/category_func.go:184.28,188.3 3 1
product-catalogue/functions/category_func.go:190.2,194.46 2 1
product-catalogue/functions/category_func.go:194.46,198.3 3 0
product-catalogue/functions/category_func.go:199.2,199.71 1 1
product-catalogue/functions/category_func.go:199.71,203.3 3 1
product-catalogue/functions/category_func.go:205.2,211.85 6 1
product-catalogue/functions/category_func.go:211.85,212.27 1 0
product-catalogue/functions/category_func.go:212.27,216.4 3 0
product-catalogue/functions/category_func.go:217.3,219.9 3 0
product-catalogue/functions/category_func.go:221.2,221.19 1 1
product-catalogue/functions/category_func.go:221.19,223.3 1 1
product-catalogue/functions/category_func.go:223.8,225.3 1 0
product-catalogue/functions/category_func.go:227.2,230.33 3 1
product-catalogue/functions/category_func.go:230.33,232.3 1 1
product-catalogue/functions/category_func.go:233.2,233.40 1 1
product-catalogue/functions/category_func.go:233.40,235.3 1 1
product-catalogue/functions/category_func.go:237.2,238.33 2 1
product-catalogue/functions/category_func.go:238.33,239.104 1 1
product-catalogue/functions/category_func.go:239.104,241.4 1 1
product-catalogue/functions/category_func.go:243.2,243.40 1 1
product-catalogue/functions/category_func.go:243.40,244.118 1 1
product-catalogue/functions/category_func.go:244.118,246.4 1 0
product-catalogue/functions/category_func.go:249.2,249.16 1 1
product-catalogue/functions/category_func.go:249.16,253.3 3 1
product-catalogue/functions/category_func.go:255.2,255.65 1 1
product-catalogue/functions/category_func.go:255.65,258.3 2 0
product-catalogue/functions/category_func.go:260.2,262.16 3 1
product-catalogue/functions/category_func.go:262.16,266.3 3 0
product-catalogue/functions/category_func.go:268.2,271.16 4 1
product-catalogue/functions/category_func.go:271.16,275.3 3 0
product-catalogue/functions/category_func.go:277.2,277.20 1 1
product-catalogue/functions/category_func.go:277.20,279.3 1 1
product-catalogue/functions/category_func.go:279.8,281.3 1 0
product-catalogue/functions/category_func.go:282.2,282.85 1 1
product-catalogue/functions/dashboard.go:13.35,16.50 3 1
product-catalogue/functions/dashboard.go:16.50,17.57 1 1
product-catalogue/functions/dashboard.go:17.57,19.4 1 1
product-catalogue/functions/dashboard.go:21.2,26.28 4 1
product-catalogue/functions/dashboard.go:26.28,29.17 3 1
product-catalogue/functions/dashboard.go:29.17,33.4 3 0
product-catalogue/functions/dashboard.go:34.3,35.17 2 1
product-catalogue/functions/dashboard.go:35.17,39.4 3 0
product-catalogue/functions/dashboard.go:40.3,41.17 2 1
product-catalogue/functions/dashboard.go:41.17,45.4 3 0
product-catalogue/functions/dashboard.go:46.3,47.17 2 1
product-catalogue/functions/dashboard.go:47.17,51.4 3 0
product-catalogue/functions/dashboard.go:53.3,59.17 6 1
product-catalogue/functions/dashboard.go:59.17,63.4 3 0
product-catalogue/functions/dashboard.go:64.3,73.19 4 1
product-catalogue/functions/dashboard.go:73.19,76.18 3 1
product-catalogue/functions/dashboard.go:76.18,80.5 3 0
product-catalogue/functions/dashboard.go:81.4,81.43 1 1
product-catalogue/functions/dashboard.go:83.3,87.9 4 1
product-catalogue/functions/dashboard.go:90.2,90.30 1 1
product-catalogue/functions/dashboard.go:90.30,94.17 4 1
product-catalogue/functions/dashboard.go:94.17,95.28 1 0
product-catalogue/functions/dashboard.go:95.28,99.5 3 0
product-catalogue/functions/dashboard.go:100.4,102.10 3 0
product-catalogue/functions/dashboard.go:104.3,107.17 4 1
product-catalogue/functions/dashboard.go:107.17,111.4 3 0
product-catalogue/functions/dashboard.go:113.3,114.17 2 1
product-catalogue/functions/dashboard.go:114.17,118.4 3 0
product-catalogue/functions/dashboard.go:119.3,123.17 4 1
product-catalogue/functions/dashboard.go:123.17,127.4 3 0
product-catalogue/functions/dashboard.go:128.3,137.19 4 1
product-catalogue/functions/dashboard.go:137.19,140.18 3 1
product-catalogue/functions/dashboard.go:140.18,143.5 2 0
product-catalogue/functions/dashboard.go:144.4,144.43 1 1
product-catalogue/functions/dashboard.go:147.3,151.9 4 1
product-catalogue/functions/dashboard.go:154.2,154.67 1 0
product-catalogue/functions/product_func.go:17.42,18.32 1 1
product-catalogue/functions/product_func.go:18.32,20.3 1 1
product-catalogue/functions/product_func.go:21.2,21.10 1 1
product-catalogue/functions/product_func.go:24.43,25.14 1 1
product-catalogue/functions/product_func.go:25.14,27.3 1 0
product-catalogue/functions/product_func.go:28.2,29.13 2 1
product-catalogue/functions/product_func.go:29.13,32.3 1 0
product-catalogue/functions/product_func.go:33.2,33.10 1 1
product-catalogue/functions/product_func.go:36.45,37.14 1 0
product-catalogue/functions/product_func.go:37.14,39.3 1 0
product-catalogue/functions/product_func.go:40.2,40.11 1 0
product-catalogue/functions/product_func.go:42.36,43.12 1 1
product-catalogue/functions/product_func.go:43.12,45.3 1 0
product-catalogue/functions/product_func.go:46.2,46.10 1 1
product-catalogue/functions/product_func.go:48.42,49.12 1 1
product-catalogue/functions/product_func.go:49.12,51.3 1 1
product-catalogue/functions/product_func.go:52.2,52.10 1 0
product-catalogue/functions/product_func.go:55.30,56.22 1 1
product-catalogue/functions/product_func.go:56.22,58.3 1 0
product-catalogue/functions/product_func.go:59.2,59.15 1 1
product-catalogue/functions/product_func.go:61.39,63.21 2 1
product-catalogue/functions/product_func.go:63.21,65.3 1 0
product-catalogue/functions/product_func.go:66.2,67.32 2 1
product-catalogue/functions/product_func.go:70.71,72.2 1 1
product-catalogue/functions/product_func.go:74.36,76.30 2 1
product-catalogue/functions/product_func.go:76.30,80.3 3 1
product-catalogue/functions/product_func.go:81.2,90.40 3 1
product-catalogue/functions/product_func.go:90.40,94.3 3 1
product-catalogue/functions/product_func.go:95.2,96.45 2 1
product-catalogue/functions/product_func.go:96.45,100.3 3 1
product-catalogue/functions/product_func.go:101.2,102.33 2 1
product-catalogue/functions/product_func.go:102.33,104.3 1 1
product-catalogue/functions/product_func.go:104.8,106.3 1 0
product-catalogue/functions/product_func.go:107.2,107.31 1 1
product-catalogue/functions/product_func.go:107.31,111.3 3 0
product-catalogue/functions/product_func.go:112.2,118.215 6 1
product-catalogue/functions/product_func.go:118.215,122.3 3 0
product-catalogue/functions/product_func.go:124.2,126.35 3 1
product-catalogue/functions/product_func.go:126.35,128.17 2 1
product-catalogue/functions/product_func.go:128.17,132.4 3 0
product-catalogue/functions/product_func.go:133.3,133.10 1 1
product-catalogue/functions/product_func.go:133.10,137.4 3 1
product-catalogue/functions/product_func.go:140.2,142.16 3 1
product-catalogue/functions/product_func.go:142.16,147.3 3 0
product-catalogue/functions/product_func.go:149.2,150.79 2 1
product-catalogue/functions/product_func.go:154.33,163.14 6 1
product-catalogue/functions/product_func.go:164.22,166.17 2 1
product-catalogue/functions/product_func.go:166.17,170.4 3 0
product-catalogue/functions/product_func.go:171.24,174.138 3 1
product-catalogue/functions/product_func.go:174.138,175.28 1 0
product-catalogue/functions/product_func.go:175.28,179.5 3 0
product-catalogue/functions/product_func.go:180.4,182.10 3 0
product-catalogue/functions/product_func.go:184.3,185.17 2 1
product-catalogue/functions/product_func.go:185.17,189.4 3 0
product-catalogue/functions/product_func.go:191.10,194.9 3 0
product-catalogue/functions/product_func.go:196.2,199.18 3 1
product-catalogue/functions/product_func.go:199.18,208.120 8 1
product-catalogue/functions/product_func.go:208.120,212.4 3 0
product-catalogue/functions/product_func.go:214.3,214.17 1 1
product-catalogue/functions/product_func.go:214.17,216.4 1 1
product-catalogue/functions/product_func.go:216.9,218.4 1 0
product-catalogue/functions/product_func.go:220.3,220.17 1 1
product-catalogue/functions/product_func.go:220.17,222.4 1 1
product-catalogue/functions/product_func.go:222.9,224.4 1 0
product-catalogue/functions/product_func.go:225.3,225.19 1 1
product-catalogue/functions/product_func.go:225.19,228.4 2 1
product-catalogue/functions/product_func.go:228.9,230.4 1 0
product-catalogue/functions/product_func.go:231.3,231.19 1 1
product-catalogue/functions/product_func.go:231.19,234.4 2 1
product-catalogue/functions/product_func.go:234.9,236.4 1 0
product-catalogue/functions/product_func.go:237.3,237.21 1 1
product-catalogue/functions/product_func.go:237.21,240.4 2 0
product-catalogue/functions/product_func.go:240.9,242.4 1 1
product-catalogue/functions/product_func.go:243.3,243.22 1 1
product-catalogue/functions/product_func.go:243.22,246.4 2 1
product-catalogue/functions/product_func.go:246.9,248.4 1 0
product-catalogue/functions/product_func.go:250.3,250.33 1 1
product-catalogue/functions/product_func.go:253.2,253.52 1 1
product-catalogue/functions/product_func.go:257.37,260.27 3 1
product-catalogue/functions/product_func.go:260.27,264.3 3 1
product-catalogue/functions/product_func.go:265.2,271.14 5 1
product-catalogue/functions/product_func.go:272.22,273.219 1 1
product-catalogue/functions/product_func.go:274.24,276.381 2 1
product-catalogue/functions/product_func.go:278.10,281.9 3 0
product-catalogue/functions/product_func.go:285.2,293.118 8 1
product-catalogue/functions/product_func.go:293.118,294.27 1 1
product-catalogue/functions/product_func.go:294.27,298.4 3 1
product-catalogue/functions/product_func.go:299.3,301.9 3 0
product-catalogue/functions/product_func.go:305.2,305.16 1 1
product-catalogue/functions/product_func.go:305.16,307.3 1 1
product-catalogue/functions/product_func.go:307.8,309.3 1 0
product-catalogue/functions/product_func.go:311.2,311.16 1 1
product-catalogue/functions/product_func.go:311.16,313.3 1 1
product-catalogue/functions/product_func.go:313.8,315.3 1 0
product-catalogue/functions/product_func.go:316.2,316.18 1 1
product-catalogue/functions/product_func.go:316.18,320.3 2 1
product-catalogue/functions/product_func.go:320.8,322.3 1 0
product-catalogue/functions/product_func.go:324.2,324.18 1 1
product-catalogue/functions/product_func.go:324.18,328.3 2 1
product-catalogue/functions/product_func.go:328.8,330.3 1 0
product-catalogue/functions/product_func.go:332.2,332.20 1 1
product-catalogue/functions/product_func.go:332.20,335.3 2 0
product-catalogue/functions/product_func.go:335.8,337.3 1 1
product-catalogue/functions/product_func.go:338.2,338.21 1 1
product-catalogue/functions/product_func.go:338.21,341.3 2 1
product-catalogue/functions/product_func.go:341.8,343.3 1 0
product-catalogue/functions/product_func.go:345.2,345.44 1 1
product-catalogue/functions/product_func.go:349.36,352.27 3 1
product-catalogue/functions/product_func.go:352.27,357.3 3 1
product-catalogue/functions/product_func.go:358.2,359.30 2 1
product-catalogue/functions/product_func.go:359.30,364.3 3 1
product-catalogue/functions/product_func.go:366.2,377.16 4 1
product-catalogue/functions/product_func.go:377.16,381.3 3 0
product-catalogue/functions/product_func.go:382.2,382.35 1 1
product-catalogue/functions/product_func.go:382.35,385.3 2 1
product-catalogue/functions/product_func.go:386.2,386.223 1 1
product-catalogue/functions/product_func.go:386.223,390.3 3 1
product-catalogue/functions/product_func.go:392.2,403.140 10 1
product-catalogue/functions/product_func.go:403.140,404.27 1 1
product-catalogue/functions/product_func.go:404.27,408.4 3 1
product-catalogue/functions/product_func.go:409.3,411.9 3 0
product-catalogue/functions/product_func.go:414.2,414.16 1 1
product-catalogue/functions/product_func.go:414.16,416.3 1 1
product-catalogue/functions/product_func.go:416.8,418.3 1 0
product-catalogue/functions/product_func.go:419.2,419.18 1 1
product-catalogue/functions/product_func.go:419.18,422.3 2 1
product-catalogue/functions/product_func.go:422.8,424.3 1 0
product-catalogue/functions/product_func.go:425.2,425.19 1 1
product-catalogue/functions/product_func.go:425.19,428.3 2 1
product-catalogue/functions/product_func.go:428.8,430.3 1 0
product-catalogue/functions/product_func.go:431.2,431.20 1 1
product-catalogue/functions/product_func.go:431.20,434.3 2 1
product-catalogue/functions/product_func.go:434.8,436.3 1 1
product-catalogue/functions/product_func.go:437.2,437.21 1 1
product-catalogue/functions/product_func.go:437.21,440.3 2 1
product-catalogue/functions/product_func.go:440.8,442.3 1 0
product-catalogue/functions/product_func.go:443.2,443.78 1 1
product-catalogue/functions/product_func.go:443.78,446.3 2 1
product-catalogue/functions/product_func.go:448.2,455.31 7 1
product-catalogue/functions/product_func.go:455.31,458.3 2 1
product-catalogue/functions/product_func.go:459.2,459.38 1 1
product-catalogue/functions/product_func.go:459.38,462.3 2 1
product-catalogue/functions/product_func.go:463.2,463.29 1 1
product-catalogue/functions/product_func.go:463.29,465.3 1 1
product-catalogue/functions/product_func.go:466.2,466.35 1 1
product-catalogue/functions/product_func.go:466.35,468.3 1 1
product-catalogue/functions/product_func.go:469.2,469.32 1 1
product-catalogue/functions/product_func.go:469.32,472.3 2 1
product-catalogue/functions/product_func.go:473.2,473.32 1 1
product-catalogue/functions/product_func.go:473.32,475.3 1 1
product-catalogue/functions/product_func.go:476.2,477.31 2 1
product-catalogue/functions/product_func.go:477.31,478.100 1 1
product-catalogue/functions/product_func.go:478.100,480.4 1 1
product-catalogue/functions/product_func.go:482.2,482.38 1 1
product-catalogue/functions/product_func.go:482.38,483.114 1 1
product-catalogue/functions/product_func.go:483.114,485.4 1 1
product-catalogue/functions/product_func.go:488.2,488.29 1 1
product-catalogue/functions/product_func.go:488.29,489.47 1 1
product-catalogue/functions/product_func.go:489.47,491.4 1 1
product-catalogue/functions/product_func.go:494.2,494.35 1 1
product-catalogue/functions/product_func.go:494.35,495.68 1 1
product-catalogue/functions/product_func.go:495.68,497.4 1 1
product-catalogue/functions/product_func.go:500.2,500.32 1 1
product-catalogue/functions/product_func.go:500.32,501.102 1 1
product-catalogue/functions/product_func.go:501.102,503.4 1 0
product-catalogue/functions/product_func.go:505.2,505.32 1 1
product-catalogue/functions/product_func.go:505.32,506.51 1 1
product-catalogue/functions/product_func.go:506.51,508.4 1 0
product-catalogue/functions/product_func.go:511.2,511.16 1 1
product-catalogue/functions/product_func.go:511.16,515.3 3 1
product-catalogue/functions/product_func.go:517.2,520.133 3 1
product-catalogue/functions/product_func.go:520.133,524.3 3 0
product-catalogue/functions/product_func.go:526.2,526.16 1 1
product-catalogue/functions/product_func.go:526.16,528.17 2 1
product-catalogue/functions/product_func.go:528.17,532.4 3 0
product-catalogue/functions/product_func.go:533.3,533.10 1 1
product-catalogue/functions/product_func.go:533.10,537.4 3 1
product-catalogue/functions/product_func.go:540.2,541.16 2 1
product-catalogue/functions/product_func.go:541.16,545.3 3 0
product-catalogue/functions/product_func.go:547.2,555.141 8 1
product-catalogue/functions/product_func.go:555.141,559.3 3 0
product-catalogue/functions/product_func.go:561.2,561.17 1 1
product-catalogue/functions/product_func.go:561.17,563.3 1 1
product-catalogue/functions/product_func.go:563.8,565.3 1 0
product-catalogue/functions/product_func.go:566.2,566.18 1 1
product-catalogue/functions/product_func.go:566.18,569.3 2 1
product-catalogue/functions/product_func.go:569.8,571.3 1 0
product-catalogue/functions/product_func.go:572.2,572.19 1 1
product-catalogue/functions/product_func.go:572.19,575.3 2 1
product-catalogue/functions/product_func.go:575.8,577.3 1 0
product-catalogue/functions/product_func.go:578.2,578.17 1 1
product-catalogue/functions/product_func.go:578.17,581.3 2 0
product-catalogue/functions/product_func.go:581.8,583.3 1 1
product-catalogue/functions/product_func.go:584.2,584.17 1 1
product-catalogue/functions/product_func.go:584.17,587.3 2 1
product-catalogue/functions/product_func.go:587.8,589.3 1 0
product-catalogue/functions/product_func.go:591.2,591.80 1 1
product-catalogue/functions/product_func.go:595.36,598.27 3 1
product-catalogue/functions/product_func.go:598.27,602.3 3 1
product-catalogue/functions/product_func.go:603.2,604.30 2 1
product-catalogue/functions/product_func.go:604.30,608.3 3 1
product-catalogue/functions/product_func.go:610.2,616.16 6 1
product-catalogue/functions/product_func.go:616.16,617.27 1 1
product-catalogue/functions/product_func.go:617.27,621.4 3 1
product-catalogue/functions/product_func.go:622.3,624.9 3 0
product-catalogue/functions/product_func.go:627.2,627.63 1 1
product-catalogue/functions/product_func.go:627.63,631.3 3 1
product-catalogue/functions/product_func.go:633.2,634.16 2 1
product-catalogue/functions/product_func.go:634.16,638.3 3 0
product-catalogue/functions/product_func.go:640.2,641.23 2 1
product-catalogue/functions/product_func.go:641.23,645.3 3 0
product-catalogue/functions/product_func.go:647.2,647.60 1 1
product-catalogue/functions/stock_movements_func.go:18.13,20.48 2 1
product-catalogue/functions/stock_movements_func.go:20.48,21.54 1 0
product-catalogue/functions/stock_movements_func.go:21.54,23.4 1 0
product-catalogue/functions/stock_movements_func.go:27.75,30.16 3 1
product-catalogue/functions/stock_movements_func.go:30.16,33.3 1 0
product-catalogue/functions/stock_movements_func.go:34.2,34.21 1 1
product-catalogue/functions/stock_movements_func.go:37.76,39.16 2 0
product-catalogue/functions/stock_movements_func.go:39.16,41.3 1 0
product-catalogue/functions/stock_movements_func.go:42.2,44.18 3 0
product-catalogue/functions/stock_movements_func.go:44.18,46.40 2 0
product-catalogue/functions/stock_movements_func.go:46.40,48.4 1 0
product-catalogue/functions/stock_movements_func.go:49.3,49.32 1 0
product-catalogue/functions/stock_movements_func.go:52.2,52.21 1 0
product-catalogue/functions/stock_movements_func.go:56.66,59.16 3 1
product-catalogue/functions/stock_movements_func.go:59.16,61.3 1 0
product-catalogue/functions/stock_movements_func.go:62.2,62.18 1 1
product-catalogue/functions/stock_movements_func.go:62.18,64.3 1 0
product-catalogue/functions/stock_movements_func.go:65.2,65.30 1 1
product-catalogue/functions/stock_movements_func.go:68.42,72.30 2 1
product-catalogue/functions/stock_movements_func.go:72.30,76.3 3 1
product-catalogue/functions/stock_movements_func.go:77.2,83.43 2 1
product-catalogue/functions/stock_movements_func.go:83.43,87.3 3 1
product-catalogue/functions/stock_movements_func.go:89.2,90.63 2 1
product-catalogue/functions/stock_movements_func.go:90.63,95.3 3 1
product-catalogue/functions/stock_movements_func.go:97.2,97.25 1 1
product-catalogue/functions/stock_movements_func.go:97.25,101.3 3 1
product-catalogue/functions/stock_movements_func.go:103.2,110.16 7 1
product-catalogue/functions/stock_movements_func.go:110.16,111.27 1 1
product-catalogue/functions/stock_movements_func.go:111.27,115.4 3 1
product-catalogue/functions/stock_movements_func.go:116.3,118.9 3 0
product-catalogue/functions/stock_movements_func.go:121.2,121.30 1 1
product-catalogue/functions/stock_movements_func.go:121.30,125.3 3 1
product-catalogue/functions/stock_movements_func.go:127.2,127.33 1 1
product-catalogue/functions/stock_movements_func.go:127.33,129.17 2 1
product-catalogue/functions/stock_movements_func.go:129.17,133.4 3 0
product-catalogue/functions/stock_movements_func.go:134.3,134.45 1 1
product-catalogue/functions/stock_movements_func.go:134.45,142.4 3 1
product-catalogue/functions/stock_movements_func.go:145.2,146.65 2 1
product-catalogue/functions/stock_movements_func.go:146.65,148.3 1 1
product-catalogue/functions/stock_movements_func.go:150.2,152.16 3 1
product-catalogue/functions/stock_movements_func.go:152.16,156.3 3 1
product-catalogue/functions/stock_movements_func.go:158.2,166.4 3 1
product-catalogue/functions/stock_movements_func.go:170.40,173.41 3 1
product-catalogue/functions/stock_movements_func.go:173.41,175.29 2 1
product-catalogue/functions/stock_movements_func.go:175.29,179.4 3 1
product-catalogue/functions/stock_movements_func.go:180.3,180.19 1 1
product-catalogue/functions/stock_movements_func.go:182.2,189.14 7 1
product-catalogue/functions/stock_movements_func.go:190.22,191.22 1 1
product-catalogue/functions/stock_movements_func.go:191.22,194.4 2 0
product-catalogue/functions/stock_movements_func.go:194.9,197.4 2 1
product-catalogue/functions/stock_movements_func.go:198.3,199.17 2 1
product-catalogue/functions/stock_movements_func.go:199.17,203.4 3 0
product-catalogue/functions/stock_movements_func.go:204.24,207.17 3 1
product-catalogue/functions/stock_movements_func.go:207.17,208.28 1 0
product-catalogue/functions/stock_movements_func.go:208.28,210.5 1 0
product-catalogue/functions/stock_movements_func.go:210.10,212.5 1 0
product-catalogue/functions/stock_movements_func.go:213.4,214.10 2 0
product-catalogue/functions/stock_movements_func.go:216.3,216.22 1 1
product-catalogue/functions/stock_movements_func.go:216.22,219.4 2 1
product-catalogue/functions/stock_movements_func.go:219.9,223.4 2 1
product-catalogue/functions/stock_movements_func.go:224.3,225.17 2 1
product-catalogue/functions/stock_movements_func.go:225.17,229.4 3 0
product-catalogue/functions/stock_movements_func.go:230.10,233.9 3 0
product-catalogue/functions/stock_movements_func.go:236.2,240.18 3 1
product-catalogue/functions/stock_movements_func.go:240.18,244.119 4 0
product-catalogue/functions/stock_movements_func.go:244.119,248.4 3 0
product-catalogue/functions/stock_movements_func.go:249.3,249.19 1 0
product-catalogue/functions/stock_movements_func.go:249.19,251.4 1 0
product-catalogue/functions/stock_movements_func.go:251.9,253.4 1 0
product-catalogue/functions/stock_movements_func.go:254.3,254.25 1 0
product-catalogue/functions/stock_movements_func.go:254.25,256.4 1 0
product-catalogue/functions/stock_movements_func.go:256.9,258.4 1 0
product-catalogue/functions/stock_movements_func.go:259.3,259.36 1 0
product-catalogue/functions/stock_movements_func.go:262.2,262.34 1 1
product-catalogue/functions/stock_movements_func.go:262.34,266.3 3 0
product-catalogue/functions/stock_movements_func.go:268.2,268.54 1 1
product-catalogue/functions/supplier_func.go:16.38,18.2 1 1
product-catalogue/functions/supplier_func.go:19.72,22.16 3 1
product-catalogue/functions/supplier_func.go:22.16,23.27 1 0
product-catalogue/functions/supplier_func.go:23.27,25.4 1 0
product-catalogue/functions/supplier_func.go:26.3,26.20 1 0
product-catalogue/functions/supplier_func.go:29.2,29.19 1 1
product-catalogue/functions/supplier_func.go:33.37,35.28 2 1
product-catalogue/functions/supplier_func.go:35.28,39.3 3 1
product-catalogue/functions/supplier_func.go:41.2,42.46 2 1
product-catalogue/functions/supplier_func.go:42.46,46.3 3 1
product-catalogue/functions/supplier_func.go:48.2,53.118 5 1
product-catalogue/functions/supplier_func.go:53.118,57.3 3 1
product-catalogue/functions/supplier_func.go:59.2,63.148 4 1
product-catalogue/functions/supplier_func.go:63.148,67.3 3 0
product-catalogue/functions/supplier_func.go:69.2,69.15 1 1
product-catalogue/functions/supplier_func.go:69.15,73.3 3 1
product-catalogue/functions/supplier_func.go:75.2,76.16 2 1
product-catalogue/functions/supplier_func.go:76.16,80.3 3 0
product-catalogue/functions/supplier_func.go:82.2,83.85 2 1
product-catalogue/functions/supplier_func.go:87.34,94.14 6 1
product-catalogue/functions/supplier_func.go:95.22,97.17 2 1
product-catalogue/functions/supplier_func.go:97.17,101.4 3 0
product-catalogue/functions/supplier_func.go:102.24,106.27 4 1
product-catalogue/functions/supplier_func.go:106.27,110.4 3 0
product-catalogue/functions/supplier_func.go:110.9,110.24 1 1
product-catalogue/functions/supplier_func.go:110.24,114.4 3 0
product-catalogue/functions/supplier_func.go:115.3,116.17 2 1
product-catalogue/functions/supplier_func.go:116.17,120.4 3 0
product-catalogue/functions/supplier_func.go:122.10,125.9 3 0
product-catalogue/functions/supplier_func.go:128.2,131.18 3 1
product-catalogue/functions/supplier_func.go:131.18,134.100 3 1
product-catalogue/functions/supplier_func.go:134.100,138.4 3 0
product-catalogue/functions/supplier_func.go:139.3,139.25 1 1
product-catalogue/functions/supplier_func.go:139.25,142.4 1 1
product-catalogue/functions/supplier_func.go:142.9,144.4 1 0
product-catalogue/functions/supplier_func.go:145.3,145.36 1 1
product-catalogue/functions/supplier_func.go:148.2,148.54 1 1
product-catalogue/functions/supplier_func.go:152.38,155.27 3 1
product-catalogue/functions/supplier_func.go:155.27,160.3 3 1
product-catalogue/functions/supplier_func.go:161.2,165.28 4 1
product-catalogue/functions/supplier_func.go:165.28,169.17 4 1
product-catalogue/functions/supplier_func.go:169.17,173.4 3 0
product-catalogue/functions/supplier_func.go:174.3,176.17 3 1
product-catalogue/functions/supplier_func.go:176.17,180.4 3 0
product-catalogue/functions/supplier_func.go:182.3,182.34 1 1
product-catalogue/functions/supplier_func.go:182.34,186.4 3 1
product-catalogue/functions/supplier_func.go:189.2,192.98 4 1
product-catalogue/functions/supplier_func.go:192.98,193.27 1 1
product-catalogue/functions/supplier_func.go:193.27,198.4 3 1
product-catalogue/functions/supplier_func.go:199.3,201.9 3 0
product-catalogue/functions/supplier_func.go:203.2,203.24 1 1
product-catalogue/functions/supplier_func.go:203.24,205.3 1 1
product-catalogue/functions/supplier_func.go:205.8,207.3 1 0
product-catalogue/functions/supplier_func.go:209.2,209.46 1 1
product-catalogue/functions/supplier_func.go:213.37,216.27 3 1
product-catalogue/functions/supplier_func.go:216.27,221.3 3 1
product-catalogue/functions/supplier_func.go:222.2,223.28 2 1
product-catalogue/functions/supplier_func.go:223.28,227.3 3 1
product-catalogue/functions/supplier_func.go:229.2,233.16 4 1
product-catalogue/functions/supplier_func.go:233.16,237.3 3 0
product-catalogue/functions/supplier_func.go:238.2,239.23 2 1
product-catalogue/functions/supplier_func.go:239.23,243.3 3 1
product-catalogue/functions/supplier_func.go:245.2,245.62 1 1
product-catalogue/functions/supplier_func.go:249.37,252.27 3 1
product-catalogue/functions/supplier_func.go:252.27,256.3 3 1
product-catalogue/functions/supplier_func.go:257.2,258.28 2 1
product-catalogue/functions/supplier_func.go:258.28,262.3 3 1
product-catalogue/functions/supplier_func.go:263.2,270.51 2 1
product-catalogue/functions/supplier_func.go:270.51,274.3 3 0
product-catalogue/functions/supplier_func.go:275.2,275.125 1 1
product-catalogue/functions/supplier_func.go:275.125,279.3 3 1
product-catalogue/functions/supplier_func.go:280.2,286.113 6 1
product-catalogue/functions/supplier_func.go:286.113,287.27 1 0
product-catalogue/functions/supplier_func.go:287.27,291.4 3 0
product-catalogue/functions/supplier_func.go:292.3,294.9 3 0
product-catalogue/functions/supplier_func.go:296.2,296.23 1 1
product-catalogue/functions/supplier_func.go:296.23,299.3 1 1
product-catalogue/functions/supplier_func.go:299.8,301.3 1 0
product-catalogue/functions/supplier_func.go:303.2,308.30 5 1
product-catalogue/functions/supplier_func.go:308.30,310.3 1 1
product-catalogue/functions/supplier_func.go:311.2,311.37 1 1
product-catalogue/functions/supplier_func.go:311.37,313.3 1 1
product-catalogue/functions/supplier_func.go:314.2,314.31 1 1
product-catalogue/functions/supplier_func.go:314.31,316.3 1 1
product-catalogue/functions/supplier_func.go:317.2,317.33 1 1
product-catalogue/functions/supplier_func.go:317.33,319.3 1 1
product-catalogue/functions/supplier_func.go:321.2,326.30 5 1
product-catalogue/functions/supplier_func.go:326.30,327.63 1 1
product-catalogue/functions/supplier_func.go:327.63,329.4 1 0
product-catalogue/functions/supplier_func.go:331.2,331.37 1 1
product-catalogue/functions/supplier_func.go:331.37,332.73 1 1
product-catalogue/functions/supplier_func.go:332.73,334.4 1 1
product-catalogue/functions/supplier_func.go:336.2,336.31 1 1
product-catalogue/functions/supplier_func.go:336.31,337.63 1 1
product-catalogue/functions/supplier_func.go:337.63,339.4 1 0
product-catalogue/functions/supplier_func.go:341.2,341.33 1 1
product-catalogue/functions/supplier_func.go:341.33,342.69 1 1
product-catalogue/functions/supplier_func.go:342.69,344.4 1 0
product-catalogue/functions/supplier_func.go:346.2,346.72 1 1
product-catalogue/functions/supplier_func.go:346.72,350.3 3 1
product-catalogue/functions/supplier_func.go:351.2,351.90 1 1
product-catalogue/functions/supplier_func.go:351.90,355.3 3 0
product-catalogue/functions/supplier_func.go:356.2,356.18 1 1
product-catalogue/functions/supplier_func.go:356.18,359.106 3 0
product-catalogue/functions/supplier_func.go:359.106,363.4 3 0
product-catalogue/functions/supplier_func.go:364.3,364.16 1 0
product-catalogue/functions/supplier_func.go:364.16,368.4 3 0
product-catalogue/functions/supplier_func.go:371.2,376.17 5 1
product-catalogue/functions/supplier_func.go:376.17,378.3 1 0
product-catalogue/functions/supplier_func.go:379.2,379.20 1 1
product-catalogue/functions/supplier_func.go:379.20,381.3 1 1
product-catalogue/functions/supplier_func.go:382.2,382.18 1 1
product-catalogue/functions/supplier_func.go:382.18,384.3 1 0
product-catalogue/functions/supplier_func.go:385.2,385.20 1 1
product-catalogue/functions/supplier_func.go:385.20,387.3 1 0
product-catalogue/functions/supplier_func.go:389.2,391.16 3 1
product-catalogue/functions/supplier_func.go:391.16,395.3 3 0
product-catalogue/functions/supplier_func.go:397.2,400.16 4 1
product-catalogue/functions/supplier_func.go:400.16,404.3 3 0
product-catalogue/functions/supplier_func.go:406.2,406.25 1 1
product-catalogue/functions/supplier_func.go:406.25,408.3 1 1
product-catalogue/functions/supplier_func.go:408.8,411.3 1 0
product-catalogue/functions/supplier_func.go:412.2,412.90 1 1
product-catalogue/functions/user_admin.go:15.38,17.28 2 1
product-catalogue/functions/user_admin.go:17.28,21.3 3 1
product-catalogue/functions/user_admin.go:23.2,30.43 2 1
product-catalogue/functions/user_admin.go:30.43,34.3 3 1
product-catalogue/functions/user_admin.go:36.2,39.92 3 1
product-catalogue/functions/user_admin.go:39.92,43.3 3 1
product-catalogue/functions/user_admin.go:45.2,45.66 1 1
product-catalogue/functions/user_admin.go:45.66,49.3 3 1
product-catalogue/functions/user_admin.go:51.2,51.68 1 1
product-catalogue/functions/user_admin.go:51.68,55.3 3 1
product-catalogue/functions/user_admin.go:57.2,61.16 4 1
product-catalogue/functions/user_admin.go:61.16,65.3 3 0
product-catalogue/functions/user_admin.go:66.2,66.13 1 1
product-catalogue/functions/user_admin.go:66.13,70.3 3 1
product-catalogue/functions/user_admin.go:72.2,74.40 3 1
product-catalogue/functions/user_admin.go:74.40,78.3 3 0
product-catalogue/functions/user_admin.go:80.2,80.17 1 1
product-catalogue/functions/user_admin.go:80.17,84.3 3 1
product-catalogue/functions/user_admin.go:86.2,87.16 2 1
product-catalogue/functions/user_admin.go:87.16,91.3 3 0
product-catalogue/functions/user_admin.go:92.2,94.16 3 1
product-catalogue/functions/user_admin.go:94.16,98.3 3 0
product-catalogue/functions/user_admin.go:100.2,107.4 2 1
product-catalogue/functions/user_admin.go:111.35,113.28 2 1
product-catalogue/functions/user_admin.go:113.28,117.3 3 1
product-catalogue/functions/user_admin.go:119.2,123.16 4 1
product-catalogue/functions/user_admin.go:123.16,127.3 3 0
product-catalogue/functions/user_admin.go:128.2,130.18 3 1
product-catalogue/functions/user_admin.go:130.18,133.81 3 1
product-catalogue/functions/user_admin.go:133.81,137.4 3 0
product-catalogue/functions/user_admin.go:138.3,138.17 1 1
product-catalogue/functions/user_admin.go:138.17,141.4 2 1
product-catalogue/functions/user_admin.go:141.9,143.4 1 0
product-catalogue/functions/user_admin.go:144.3,144.27 1 1
product-catalogue/functions/user_admin.go:147.2,147.46 1 1
product-catalogue/functions/user_admin.go:150.39,152.28 2 1
product-catalogue/functions/user_admin.go:152.28,156.3 3 1
product-catalogue/functions/user_admin.go:158.2,160.31 3 1
product-catalogue/functions/user_admin.go:160.31,164.3 3 1
product-catalogue/functions/user_admin.go:166.2,172.16 6 1
product-catalogue/functions/user_admin.go:172.16,173.27 1 1
product-catalogue/functions/user_admin.go:173.27,177.4 3 1
product-catalogue/functions/user_admin.go:178.3,180.9 3 0
product-catalogue/functions/user_admin.go:182.2,182.22 1 1
product-catalogue/functions/user_admin.go:182.22,185.3 2 1
product-catalogue/functions/user_admin.go:185.8,187.3 1 0
product-catalogue/functions/user_admin.go:189.2,195.28 2 1
product-catalogue/functions/user_admin.go:195.28,197.3 1 1
product-catalogue/functions/user_admin.go:199.2,199.29 1 1
product-catalogue/functions/user_admin.go:202.38,204.28 2 1
product-catalogue/functions/user_admin.go:204.28,208.3 3 1
product-catalogue/functions/user_admin.go:210.2,212.28 3 1
product-catalogue/functions/user_admin.go:212.28,216.3 3 1
product-catalogue/functions/user_admin.go:218.2,222.16 4 1
product-catalogue/functions/user_admin.go:222.16,226.3 3 0
product-catalogue/functions/user_admin.go:227.2,228.12 2 1
product-catalogue/functions/user_admin.go:228.12,231.3 2 1
product-catalogue/functions/user_admin.go:233.2,233.70 1 1
